// Jest Snapshot v1, https://goo.gl/fbAQLP

exports[`DeviceIcon matches snapshot 1`] = `
<span>
  <span
    className="icon"
    title="mobile:S8:samsung"
  >
    <i
      aria-hidden="true"
      className="fas fa-mobile"
    />
  </span>
</span>
`;
